https://activetracing.dhl.com/DatPublic/search.do?consignmentId&lang=en&at=package&valuePackageField=TRACKING_CODE