https://gls-group.eu/FI/fi/laehetysseuranta?match=TRACKING_CODE