https://www.dbschenker.com/se-sv/foretag/kontakta-oss/spara-och-sok?reference_number=TRACKING_CODE&language=sv_SE