https://tracking.bring.com/tracking/TRACKING_CODE?lang=en