https://wwwapps.ups.com/WebTracking/processInputRequest?TypeOfInquiryNumber=T&loc=fi_FI&InquiryNumber1=TRACKING_CODE