https://www.posti.fi/en/tracking/#/lahetys/TRACKING_CODE?lang=en