https://tracking.dpd.de/status/en_EE/parcel/TRACKING_CODE