https://www.posti.fi/fi/seuranta/#/lahetys/TRACKING_CODE?lang=fi