https://tracking.bring.se/tracking/TRACKING_CODE?lang=sv