https://wwwapps.ups.com/WebTracking/processInputRequest?TypeOfInquiryNumber=T&loc=en_FI&InquiryNumber1=TRACKING_CODE