https://www.matkahuolto.fi/seuranta?parcelNumber=TRACKING_CODE