https://tracking.postnord.com/fi/?id=TRACKING_CODE&lang=en