https://tracking.citymail.se/?search=TRACKING_CODE