https://minu.omniva.ee/track/TRACKING_CODE/?language=en