https://www.posti.fi/sv/uppfoljning/#/lahetys/TRACKING_CODE?lang=sv