https://tracking.postnord.com/sv/?id=TRACKING_CODE&lang=en