https://tracking.postnord.com/se/?id=TRACKING_CODE