https://wwwapps.ups.com/WebTracking/processInputRequest?TypeOfInquiryNumber=T&loc=sv_SE&InquiryNumber1=TRACKING_CODE