https://eschenker.dbschenker.com/app/tracking-public/?refNumber=TRACKING_CODE&refType=WaybillNo&language_region=en-US_US