https://www.matkahuolto.fi/uppfoljning?parcelNumber=TRACKING_CODE