https://www.matkahuolto.fi/tracking?parcelNumber=TRACKING_CODE