https://www.fedex.com/apps/fedextrack/index.html?tracknumbers=TRACKING_CODE&locale=fi_fi