https://activetracing.dhl.com/DatPublic/search.do?search=consignmentId&autoSearch=true&l=sv&at=consignment&a=TRACKING_CODE