https://ng.myschenker.fi/npseuranta/tracking.aspx?id=TRACKING_CODE