https://www.dhl.com/fi-fi/home/tracking.html?tracking-id=TRACKING_CODE&submit=1