https://activetracing.dhl.com/DatPublic/search.do?consignmentId&lang=sv&at=package&valuePackageField=TRACKING_CODE