https://gls-group.eu/FI/en/parcel-tracking?match=TRACKING_CODE