https://activetracing.dhl.com/DatPublic/search.do?consignmentId&lang=fi&at=package&valuePackageField=TRACKING_CODE